<html>
<body>
<pre>
<h1>µVision Build Log</h1>
<h2>Tool Versions:</h2>
IDE-Version: ¦ÌVision V5.24.2.0
Copyright (C) 2017 ARM Ltd and ARM Germany GmbH. All rights reserved.
License Information: Lu vacuo, HP Inc., LIC=CZLKP-MHUF3-2L5CT-REZNL-3NT06-ACAQ5
 
Tool Versions:
Toolchain:       MDK-ARM Plus  Version: 5.24.1
Toolchain Path:  C:\Keil_v5\ARM\ARMCC\Bin
C Compiler:      Armcc.exe V5.06 update 5 (build 528)
Assembler:       Armasm.exe V5.06 update 5 (build 528)
Linker/Locator:  ArmLink.exe V5.06 update 5 (build 528)
Library Manager: ArmAr.exe V5.06 update 5 (build 528)
Hex Converter:   FromElf.exe V5.06 update 5 (build 528)
CPU DLL:         SARMCM3.DLL V5.24.1
Dialog DLL:      DCM.DLL V1.16.0.0
Target DLL:      STLink\ST-LINKIII-KEIL_SWO.dll V3.0.1.0
Dialog DLL:      TCM.DLL V1.32.0.0
 
<h2>Project:</h2>
D:\my project\new project\RM2018.10.11\MDK-ARM\RM.uvprojx
Project File Date:  10/11/2018

<h2>Output:</h2>
*** Using Compiler 'V5.06 update 5 (build 528)', folder: 'C:\Keil_v5\ARM\ARMCC\Bin'
Build target 'RM'
compiling can.c...
..\Control\Inc\can.h(21): warning:  #1295-D: Deprecated declaration CAN1_Init - give arg types
  void CAN1_Init();
..\Control\Src\can.c: 1 warning, 0 errors
compiling stm32f4xx_it.c...
..\Control\Inc\can.h(21): warning:  #1295-D: Deprecated declaration CAN1_Init - give arg types
  void CAN1_Init();
..\Src\stm32f4xx_it.c: 1 warning, 0 errors
compiling my_usart.c...
..\Control\Inc\my_usart.h(6): warning:  #1295-D: Deprecated declaration sendware - give arg types
  void sendware();
..\Control\Inc\my_usart.h(9): warning:  #1-D: last line of file ends without a newline
  #endif
..\Control\Src\my_usart.c(104): warning:  #1-D: last line of file ends without a newline
  }
..\Control\Src\my_usart.c: 3 warnings, 0 errors
compiling main.c...
..\Control\Inc\can.h(21): warning:  #1295-D: Deprecated declaration CAN1_Init - give arg types
  void CAN1_Init();
..\Control\Inc\my_usart.h(6): warning:  #1295-D: Deprecated declaration sendware - give arg types
  void sendware();
..\Control\Inc\my_usart.h(9): warning:  #1-D: last line of file ends without a newline
  #endif
..\Src\main.c(102): warning:  #177-D: variable "output"  was declared but never referenced
  	uint8_t  output[8];
..\Src\main.c: 4 warnings, 0 errors
compiling control.c...
..\Control\Src\control.c(215): warning:  #1-D: last line of file ends without a newline
  	
..\Control\Src\control.c: 1 warning, 0 errors
compiling timer.c...
..\Control\Inc\can.h(21): warning:  #1295-D: Deprecated declaration CAN1_Init - give arg types
  void CAN1_Init();
..\Control\Src\timer.c: 1 warning, 0 errors
linking...
Program Size: Code=17120 RO-data=492 RW-data=112 ZI-data=2024  
"RM\RM.axf" - 0 Error(s), 11 Warning(s).

<h2>Software Packages used:</h2>

Package Vendor: ARM
                http://www.keil.com/pack/ARM.CMSIS.5.0.1.pack
                ARM.CMSIS.5.0.1
                CMSIS (Cortex Microcontroller Software Interface Standard)
   * Component: CORE Version: 5.0.1

Package Vendor: Keil
                http://www.keil.com/pack/Keil.STM32F4xx_DFP.2.11.0.pack
                Keil.STM32F4xx_DFP.2.11.0
                STMicroelectronics STM32F4 Series Device Support, Drivers and Examples

<h2>Collection of Component include folders:</h2>
  .\RTE\_RM
  C:\Keil_v5\ARM\PACK\ARM\CMSIS\5.0.1\CMSIS\Include
  C:\Keil_v5\ARM\PACK\Keil\STM32F4xx_DFP\2.11.0\Drivers\CMSIS\Device\ST\STM32F4xx\Include

<h2>Collection of Component Files used:</h2>

   * Component: ARM::CMSIS:CORE:5.0.1
Build Time Elapsed:  00:00:08
</pre>
</body>
</html>
